2026-08-05 14:37:21 | ALERTA DHL - Sin archivos recibidos
2026-08-05 14:45:44 | ALERTA DHL - Sin archivos recibidos | Archivos=1 | Carpeta=C:\DHL\Encolados
2026-08-05 14:46:45 | ALERTA DHL - Sin archivos recibidos | Archivos=1 | Carpeta=C:\DHL\Encolados
2026-08-05 14:47:32 | ALERTA DHL - Sin archivos recibidos | Archivos=2 | Carpeta=C:\DHL\Encolados
2026-08-05 14:47:55 | ALERTA DHL - Sin archivos recibidos | Archivos=2 | Carpeta=C:\DHL\Encolados
2026-08-05 14:52:10 | ALERTA DHL - Sin archivos recibidos | Archivos=2 | Carpeta=C:\DHL\Encolados
2026-08-05 15:02:09 | ALERTA DHL - Sin archivos recibidos | Archivos=2 | Carpeta=C:\DHL\Encolados
2026-08-05 15:12:11 | ALERTA DHL - Sin archivos recibidos | Archivos=2 | Carpeta=C:\DHL\Encolados
2026-08-05 15:22:09 | ALERTA DHL - Sin archivos recibidos | Archivos=2 | Carpeta=C:\DHL\Encolados
2026-08-05 15:30:14 | ALERTA DHL - Sin archivos recibidos | Archivos=2 | Carpeta=C:\DHL\Encolados
2026-08-05 15:32:11 | ALERTA DHL - Sin archivos recibidos | Archivos=2 | Carpeta=C:\DHL\Encolados
2026-08-05 15:35:22 | ALERTA DHL - Sin archivos recibidos | Archivos=2 | Carpeta=C:\DHL\Encolados
2026-08-05 15:35:30 | ALERTA DHL - Sin archivos recibidos

Cantidad: 2

Archivos:
ola2.txt - 08/05/2026 14:47:21
ola.txt - 08/05/2026 12:46:33

--------------------------------------------------
2026-08-05 15:35:55 | ALERTA DHL - Sin archivos recibidos

Cantidad: 2

Archivos:
ola2.txt - 08/05/2026 14:47:21
ola.txt - 08/05/2026 12:46:33

--------------------------------------------------
2026-08-05 15:38:58 | ALERTA DHL - Sin archivos recibidos

Cantidad: 2

Archivos:
ola2.txt - 08/05/2026 14:47:21
ola.txt - 08/05/2026 12:46:33

--------------------------------------------------
2026-08-05 15:41:15 | ALERTA DHL - Sin archivos recibidos

Cantidad: 2

Archivos:
ola2.txt - 08/05/2026 14:47:21
ola.txt - 08/05/2026 12:46:33

--------------------------------------------------
2026-08-05 15:42:11 | ALERTA DHL - Sin archivos recibidos

Cantidad: 2

Archivos:
ola2.txt - 08/05/2026 14:47:21
ola.txt - 08/05/2026 12:46:33

--------------------------------------------------
2026-08-05 15:52:26 | ALERTA DHL - Sin archivos recibidos

Cantidad: 2

Archivos:
ola2.txt - 08/05/2026 14:47:21
ola.txt - 08/05/2026 12:46:33

--------------------------------------------------
2026-08-05 16:02:12 | ALERTA DHL - Sin archivos recibidos

Cantidad: 2

Archivos:
ola2.txt - 08/05/2026 14:47:21
ola.txt - 08/05/2026 12:46:33

--------------------------------------------------
2026-08-05 16:12:15 | ALERTA DHL - Sin archivos recibidos

Cantidad: 2

Archivos:
ola2.txt - 08/05/2026 14:47:21
ola.txt - 08/05/2026 12:46:33

--------------------------------------------------
2026-08-05 16:22:12 | ALERTA DHL - Sin archivos recibidos

Cantidad: 2

Archivos:
ola2.txt - 08/05/2026 14:47:21
ola.txt - 08/05/2026 12:46:33

--------------------------------------------------
2026-08-05 16:32:23 | ALERTA DHL - Sin archivos recibidos

Cantidad: 2

Archivos:
ola2.txt - 08/05/2026 14:47:21
ola.txt - 08/05/2026 12:46:33

--------------------------------------------------
2026-08-05 16:42:11 | ALERTA DHL - Sin archivos recibidos

Cantidad: 2

Archivos:
ola2.txt - 08/05/2026 14:47:21
ola.txt - 08/05/2026 12:46:33

--------------------------------------------------
2026-08-05 16:52:13 | ALERTA DHL - Sin archivos recibidos

Cantidad: 2

Archivos:
ola2.txt - 08/05/2026 14:47:21
ola.txt - 08/05/2026 12:46:33

--------------------------------------------------
2026-08-06 09:42:46 | ALERTA DHL - Sin archivos recibidos

Cantidad: 2

Archivos:
ola2.txt - 08/05/2026 14:47:21
ola.txt - 08/05/2026 12:46:33

--------------------------------------------------
2026-08-06 09:52:11 | ALERTA DHL - Sin archivos recibidos

Cantidad: 2

Archivos:
ola2.txt - 08/05/2026 14:47:21
ola.txt - 08/05/2026 12:46:33

--------------------------------------------------
2026-08-06 14:47:24 | ALERTA DHL - Sin archivos recibidos

Cantidad: 0

Archivos:


--------------------------------------------------
2026-08-06 14:52:13 | ALERTA DHL - Sin archivos recibidos

Cantidad: 0

Archivos:


--------------------------------------------------
2026-08-06 15:02:12 | ALERTA DHL - Sin archivos recibidos

Cantidad: 0

Archivos:


--------------------------------------------------
2026-08-06 15:12:12 | ALERTA DHL - Sin archivos recibidos

Cantidad: 0

Archivos:


--------------------------------------------------
2026-08-06 15:22:18 | ALERTA DHL - Sin archivos recibidos

Cantidad: 0

Archivos:


--------------------------------------------------
2026-08-06 15:32:17 | Recepción de archivos

Cantidad: 3

Archivos:
config.json - 08/06/2026 15:32:13
Monitor.log - 08/06/2026 15:22:18
MonitoreoFolder.ps1 - 08/05/2026 16:33:42

--------------------------------------------------
2026-08-06 15:33:56 | Recepción de archivos

Cantidad: 4

Archivos:
config.json - 08/06/2026 15:33:26
catalog.json - 08/06/2026 15:33:26
Monitor.log - 08/06/2026 15:32:17
MonitoreoFolder.ps1 - 08/05/2026 16:33:42

--------------------------------------------------
2026-08-06 15:42:24 | Recepción de archivos

Cantidad: 4

Archivos:
Monitor.log - 08/06/2026 15:33:56
config.json - 08/06/2026 15:33:26
catalog.json - 08/06/2026 15:33:26
MonitoreoFolder.ps1 - 08/05/2026 16:33:42

--------------------------------------------------
2026-08-06 15:43:51 | C:\DHL\Encolados | Encolados: 4
  ola2.txt | 1496 min
  ola.txt | 1617 min
  hola.txt | 4524 min
  holaBuenasTardes.txt | 4674 min
-----------------------------

2026-08-06 15:43:54 | Recepción de archivos

Cantidad: 4

Archivos:
MonitoreoFolder.ps1 - 08/06/2026 15:43:44
Monitor.log - 08/06/2026 15:42:24
catalog.json - 08/06/2026 15:33:26
config.json - 08/06/2026 15:33:26

--------------------------------------------------
2026-08-06 15:46:09 | C:\DHL\Encolados | Encolados: 4
  ola2.txt | 1499 min
  ola.txt | 1620 min
  hola.txt | 4527 min
  holaBuenasTardes.txt | 4677 min
-----------------------------

2026-08-06 15:46:10 | Recepción de archivos

Cantidad: 4

Archivos:
Monitor.log - 08/06/2026 15:43:54
MonitoreoFolder.ps1 - 08/06/2026 15:43:44
catalog.json - 08/06/2026 15:33:26
config.json - 08/06/2026 15:33:26

--------------------------------------------------

2026-08-06 15:47:24 | ALERTA DHL - Sin archivos recibidos

Cantidad: 4

Archivos:
config.json - 08/06/2026 15:47:17
Monitor.log - 08/06/2026 15:46:10
MonitoreoFolder.ps1 - 08/06/2026 15:43:44
catalog.json - 08/06/2026 15:33:26

--------------------------------------------------

2026-08-06 15:47:35 | ALERTA DHL - Sin archivos recibidos

Cantidad: 4

Archivos:
Monitor.log - 08/06/2026 15:47:24
config.json - 08/06/2026 15:47:17
MonitoreoFolder.ps1 - 08/06/2026 15:43:44
catalog.json - 08/06/2026 15:33:26

--------------------------------------------------

2026-08-06 15:47:43 | ALERTA DHL - Sin archivos recibidos

Cantidad: 4

Archivos:
Monitor.log - 08/06/2026 15:47:35
config.json - 08/06/2026 15:47:17
MonitoreoFolder.ps1 - 08/06/2026 15:43:44
catalog.json - 08/06/2026 15:33:26

--------------------------------------------------
2026-08-06 15:50:44 | ALERTA DHL - Sin archivos recibidos

Cantidad: 0

Archivos:


--------------------------------------------------
2026-08-06 15:52:15 | ALERTA DHL - Sin archivos recibidos

Cantidad: 0

Archivos:


--------------------------------------------------
2026-08-06 16:02:13 | ALERTA DHL - Sin archivos recibidos

Cantidad: 1

Archivos:
holaass.txt - 08/06/2026 15:52:48

--------------------------------------------------
2026-08-06 16:12:12 | ALERTA DHL - Sin archivos recibidos

Cantidad: 1

Archivos:
holaass.txt - 08/06/2026 15:52:48

--------------------------------------------------
2026-08-06 16:22:11 | ALERTA DHL - Sin archivos recibidos

Cantidad: 1

Archivos:
holaass.txt - 08/06/2026 15:52:48

--------------------------------------------------
2026-08-06 16:27:53 | ALERTA DHL - Sin archivos recibidos

Cantidad: 1

Archivos:
holaass.txt - 08/06/2026 15:52:48

--------------------------------------------------
2026-08-06 16:31:03 | ALERTA DHL - Sin archivos recibidos

Cantidad: 1

Archivos:
holaass.txt - 08/06/2026 15:52:48

--------------------------------------------------
2026-08-06 16:32:14 | ALERTA DHL - Sin archivos recibidos

Cantidad: 1

Archivos:
holaass.txt - 08/06/2026 15:52:48

--------------------------------------------------
2026-08-06 16:36:20 | ALERTA DHL - Sin archivos recibidos

Cantidad: 1

Archivos:
holaass.txt - 08/06/2026 15:52:48

--------------------------------------------------
